// Jest Snapshot v1, https://goo.gl/fbAQLP

exports[`Register renders correctly 1`] = `
<div
  className="App"
>
  <Connect(SidePanel) />
  <Connect(RoomList) />
  <Messages />
</div>
`;
